MPLINK 4.49, Linker
Linker Map File - Created Thu Aug 07 19:31:45 2014

                                 Section Info
                  Section       Type    Address   Location Size(Bytes)
                ---------  ---------  ---------  ---------  ---------
                   .org_0       code   0x000000    program   0x000000
                   .org_1       code   0x000000    program   0x000006
                   .org_2       code   0x000004    program   0x00097e
                   .org_3       code   0x000800    program   0x000094
                   .org_4       code   0x000900    program   0x000080
.config_2007_PROGRAM_STERUJACY_WERSJA2.O       code   0x002007    program   0x000002



                              Program Memory Usage 
                               Start         End      
                           ---------   ---------      
                            0x000000    0x000002      
                            0x000004    0x0004c2      
                            0x000800    0x000849      
                            0x000900    0x00093f      
                            0x002007    0x002007      
            1357 out of 8454 program addresses used, program memory utilization is 16%



                              Symbols - Sorted by Name
                     Name    Address   Location    Storage File                     
                ---------  ---------  ---------  --------- ---------                
                    BEGIN   0x000000    program     static C:\Users\daniel\Documents\mikrokontrolery\lodowka\program_sterujacy_wersja2.asm
           BEGIN2lcd_init   0x000812    program     static C:\Users\daniel\Documents\mikrokontrolery\lodowka\program_sterujacy_wersja2.asm
                     LOOP   0x0004a9    program     static C:\Users\daniel\Documents\mikrokontrolery\lodowka\program_sterujacy_wersja2.asm
                    LOOP2   0x0004c2    program     static C:\Users\daniel\Documents\mikrokontrolery\lodowka\program_sterujacy_wersja2.asm
            LOOP_klawisze   0x0004b1    program     static C:\Users\daniel\Documents\mikrokontrolery\lodowka\program_sterujacy_wersja2.asm
LOOP_sprawdz_ktory_wcisnieto   0x0004b4    program     static C:\Users\daniel\Documents\mikrokontrolery\lodowka\program_sterujacy_wersja2.asm
LOOP_sprawdz_wcisniecie_klawisz   0x0004ba    program     static C:\Users\daniel\Documents\mikrokontrolery\lodowka\program_sterujacy_wersja2.asm
                 PIN_HI_1   0x0002a3    program     static C:\Users\daniel\Documents\mikrokontrolery\lodowka\program_sterujacy_wersja2.asm
                 PIN_LO_1   0x0002a9    program     static C:\Users\daniel\Documents\mikrokontrolery\lodowka\program_sterujacy_wersja2.asm
      Pomiary_temperatury   0x0002e7    program     static C:\Users\daniel\Documents\mikrokontrolery\lodowka\program_sterujacy_wersja2.asm
                    Start   0x00028f    program     static C:\Users\daniel\Documents\mikrokontrolery\lodowka\program_sterujacy_wersja2.asm
Wyswie_Menu_gwiazd_normal_opcje   0x00013a    program     static C:\Users\daniel\Documents\mikrokontrolery\lodowka\program_sterujacy_wersja2.asm
Wyswiet_Menu_linia_1_Val_kol_cyl   0x0000fd    program     static C:\Users\daniel\Documents\mikrokontrolery\lodowka\program_sterujacy_wersja2.asm
Wyswiet_Menu_linia_2_Val_kol_cyl   0x00011e    program     static C:\Users\daniel\Documents\mikrokontrolery\lodowka\program_sterujacy_wersja2.asm
Wyswietl_Menu_linia_2_poczatek   0x000102    program     static C:\Users\daniel\Documents\mikrokontrolery\lodowka\program_sterujacy_wersja2.asm
        Wyswietlanie_Menu   0x0000dc    program     static C:\Users\daniel\Documents\mikrokontrolery\lodowka\program_sterujacy_wersja2.asm
Wyswietlanie_Menu_gwiazdka   0x000123    program     static C:\Users\daniel\Documents\mikrokontrolery\lodowka\program_sterujacy_wersja2.asm
Wyswietlanie_Menu_linia_1   0x0000e6    program     static C:\Users\daniel\Documents\mikrokontrolery\lodowka\program_sterujacy_wersja2.asm
Wyswietlanie_Menu_linia_1_Value   0x0000f7    program     static C:\Users\daniel\Documents\mikrokontrolery\lodowka\program_sterujacy_wersja2.asm
Wyswietlanie_Menu_linia_2   0x000107    program     static C:\Users\daniel\Documents\mikrokontrolery\lodowka\program_sterujacy_wersja2.asm
Wyswietlanie_Menu_linia_2_Value   0x000118    program     static C:\Users\daniel\Documents\mikrokontrolery\lodowka\program_sterujacy_wersja2.asm
  Znajdz_litere_dla_linii   0x0000c9    program     static C:\Users\daniel\Documents\mikrokontrolery\lodowka\program_sterujacy_wersja2.asm
        Znajdz_wartosc_10   0x000280    program     static libs/wyswietlanie_liczb.asm
  Znajdz_wartosc_100_pisz   0x00027e    program     static libs/wyswietlanie_liczb.asm
  Znajdz_wartosc_100_zero   0x000279    program     static libs/wyswietlanie_liczb.asm
   Znajdz_wartosc_10_pisz   0x000289    program     static libs/wyswietlanie_liczb.asm
   Znajdz_wartosc_10_zero   0x000283    program     static libs/wyswietlanie_liczb.asm
     Znajdz_wartosc_opcji   0x000044    program     static C:\Users\daniel\Documents\mikrokontrolery\lodowka\program_sterujacy_wersja2.asm
  Znajdz_wartosc_opcji_10   0x000287    program     static libs/wyswietlanie_liczb.asm
 Znajdz_wartosc_opcji_100   0x00027c    program     static libs/wyswietlanie_liczb.asm
 Znajdz_wartosc_opcji_hex   0x0000af    program     static C:\Users\daniel\Documents\mikrokontrolery\lodowka\program_sterujacy_wersja2.asm
Znajdz_wartosc_opcji_nastawy   0x000082    program     static C:\Users\daniel\Documents\mikrokontrolery\lodowka\program_sterujacy_wersja2.asm
Znajdz_wartosc_opcji_nastawy1   0x000089    program     static C:\Users\daniel\Documents\mikrokontrolery\lodowka\program_sterujacy_wersja2.asm
Znajdz_wartosc_opcji_temper   0x000059    program     static C:\Users\daniel\Documents\mikrokontrolery\lodowka\program_sterujacy_wersja2.asm
Znajdz_wartosc_opcji_temper_1   0x000062    program     static C:\Users\daniel\Documents\mikrokontrolery\lodowka\program_sterujacy_wersja2.asm
Znajdz_wartosc_opcji_temper_2   0x00006d    program     static C:\Users\daniel\Documents\mikrokontrolery\lodowka\program_sterujacy_wersja2.asm
        blad_inicjacji_ds   0x0002e4    program     static C:\Users\daniel\Documents\mikrokontrolery\lodowka\program_sterujacy_wersja2.asm
brak_zera_przejdz_do_dzielenia   0x0001dd    program     static libs/dzielenie.asm       
                    check   0x000190    program     static libs/lcd4bit.asm         
             check_CRC_DS   0x00035e    program     static C:\Users\daniel\Documents\mikrokontrolery\lodowka\program_sterujacy_wersja2.asm
        check_CRC_DS_loop   0x00035f    program     static C:\Users\daniel\Documents\mikrokontrolery\lodowka\program_sterujacy_wersja2.asm
           check_busy4bit   0x000185    program     static libs/lcd4bit.asm         
               clear_line   0x00017b    program     static libs/lcd4bit.asm         
           clear_line_old   0x000169    program     static libs/lcd4bit.asm         
          clear_line_old2   0x000172    program     static libs/lcd4bit.asm         
         clear_line_petla   0x00017d    program     static libs/lcd4bit.asm         
                  cmd_off   0x000167    program     static libs/lcd4bit.asm         
                cyfry_0_9   0x0000ac    program     static C:\Users\daniel\Documents\mikrokontrolery\lodowka\program_sterujacy_wersja2.asm
czekam_na_kolejny_bit_DS_1   0x000355    program     static C:\Users\daniel\Documents\mikrokontrolery\lodowka\program_sterujacy_wersja2.asm
                dzielenie   0x0001d3    program     static libs/dzielenie.asm       
            dzielenie_end   0x0001ed    program     static libs/dzielenie.asm       
         dzielenie_ulamek   0x0001f5    program     static libs/dzielenie.asm       
   dzielenie_ulamek_1bajt   0x000217    program     static libs/dzielenie.asm       
  dzielenie_ulamek_2bajty   0x0001f8    program     static libs/dzielenie.asm       
dzielenie_ulamek_end_2bajty   0x000206    program     static libs/dzielenie.asm       
dzielenie_ulamek_petla_2bajty   0x0001ff    program     static libs/dzielenie.asm       
               dziesiatki   0x00022a    program     static libs/hextodec.asm        
                  hex2dec   0x000223    program     static libs/hextodec.asm        
 hex2dec_ulamek_tysieczny   0x000234    program     static libs/hextodec.asm        
                inicjacja   0x000800    program     static C:\Users\daniel\Documents\mikrokontrolery\lodowka\program_sterujacy_wersja2.asm
       inicjacja_ds1820_1   0x0002c1    program     static C:\Users\daniel\Documents\mikrokontrolery\lodowka\program_sterujacy_wersja2.asm
           inicjacja_ok_1   0x0002e1    program     static C:\Users\daniel\Documents\mikrokontrolery\lodowka\program_sterujacy_wersja2.asm
                 jednosci   0x000231    program     static libs/hextodec.asm        
 klawisz_dol_uruchom_wart   0x0003e1    program     static C:\Users\daniel\Documents\mikrokontrolery\lodowka\program_sterujacy_wersja2.asm
  klawisz_dol_zmiana_menu   0x0003aa    program     static C:\Users\daniel\Documents\mikrokontrolery\lodowka\program_sterujacy_wersja2.asm
klawisz_dol_zmiana_nastawa   0x0003c9    program     static C:\Users\daniel\Documents\mikrokontrolery\lodowka\program_sterujacy_wersja2.asm
klawisz_dol_zmiana_nastawa1   0x0003d1    program     static C:\Users\daniel\Documents\mikrokontrolery\lodowka\program_sterujacy_wersja2.asm
klawisz_dol_zmiana_nastawa_end   0x0003d5    program     static C:\Users\daniel\Documents\mikrokontrolery\lodowka\program_sterujacy_wersja2.asm
klawisz_dol_zmiana_uruchom   0x0003d6    program     static C:\Users\daniel\Documents\mikrokontrolery\lodowka\program_sterujacy_wersja2.asm
klawisz_dol_zmiana_wartosci   0x0003bb    program     static C:\Users\daniel\Documents\mikrokontrolery\lodowka\program_sterujacy_wersja2.asm
klawisz_dol_zmiana_wartosci_end   0x0003e6    program     static C:\Users\daniel\Documents\mikrokontrolery\lodowka\program_sterujacy_wersja2.asm
 klawisz_gora_zmiana_menu   0x0003f2    program     static C:\Users\daniel\Documents\mikrokontrolery\lodowka\program_sterujacy_wersja2.asm
klawisz_gora_zmiana_wartosci   0x0003fb    program     static C:\Users\daniel\Documents\mikrokontrolery\lodowka\program_sterujacy_wersja2.asm
   klawisz_up_1_pr_zmiana   0x000411    program     static C:\Users\daniel\Documents\mikrokontrolery\lodowka\program_sterujacy_wersja2.asm
klawisz_up_1_pr_zmiana_end   0x000415    program     static C:\Users\daniel\Documents\mikrokontrolery\lodowka\program_sterujacy_wersja2.asm
  klawisz_up_uruchom_wart   0x000421    program     static C:\Users\daniel\Documents\mikrokontrolery\lodowka\program_sterujacy_wersja2.asm
klawisz_up_zmiana_nastawa   0x000409    program     static C:\Users\daniel\Documents\mikrokontrolery\lodowka\program_sterujacy_wersja2.asm
klawisz_up_zmiana_uruchom   0x000416    program     static C:\Users\daniel\Documents\mikrokontrolery\lodowka\program_sterujacy_wersja2.asm
klawisz_up_zmiana_wartosci_end   0x000426    program     static C:\Users\daniel\Documents\mikrokontrolery\lodowka\program_sterujacy_wersja2.asm
                 lcd_init   0x0001a5    program     static libs/lcd4bit.asm         
         lcd_init_3_petla   0x0001ad    program     static libs/lcd4bit.asm         
mnoze_przez_wynik01_2bajty   0x00020c    program     static libs/dzielenie.asm       
mnoze_przez_wynik01_2bajty_LOOP   0x000211    program     static libs/dzielenie.asm       
                 mnozenie   0x000250    program     static libs/mnozenie.asm        
               mnozenie_h   0x00026e    program     static libs/mnozenie.asm        
               mnozenie_l   0x000255    program     static libs/mnozenie.asm        
              mnozenie_l2   0x000259    program     static libs/mnozenie.asm        
nastawa_jest_wieksza_od_0_inna_r   0x000490    program     static C:\Users\daniel\Documents\mikrokontrolery\lodowka\program_sterujacy_wersja2.asm
                     next   0x000839    program     static C:\Users\daniel\Documents\mikrokontrolery\lodowka\program_sterujacy_wersja2.asm
                    next2   0x000841    program     static C:\Users\daniel\Documents\mikrokontrolery\lodowka\program_sterujacy_wersja2.asm
     odbierz_pomiary_temp   0x000317    program     static C:\Users\daniel\Documents\mikrokontrolery\lodowka\program_sterujacy_wersja2.asm
odbierz_pomiary_temp_show_data   0x000397    program     static C:\Users\daniel\Documents\mikrokontrolery\lodowka\program_sterujacy_wersja2.asm
    off_kompresor_lodowki   0x00048e    program     static C:\Users\daniel\Documents\mikrokontrolery\lodowka\program_sterujacy_wersja2.asm
                   opcja0   0x000900    program     static C:\Users\daniel\Documents\mikrokontrolery\lodowka\program_sterujacy_wersja2.asm
                   opcja1   0x00090c    program     static C:\Users\daniel\Documents\mikrokontrolery\lodowka\program_sterujacy_wersja2.asm
                   opcja2   0x000918    program     static C:\Users\daniel\Documents\mikrokontrolery\lodowka\program_sterujacy_wersja2.asm
                   opcja3   0x000920    program     static C:\Users\daniel\Documents\mikrokontrolery\lodowka\program_sterujacy_wersja2.asm
                   opcja4   0x000928    program     static C:\Users\daniel\Documents\mikrokontrolery\lodowka\program_sterujacy_wersja2.asm
          petla_dzielenia   0x0001dd    program     static libs/dzielenie.asm       
         petla_dzielenia2   0x0001e9    program     static libs/dzielenie.asm       
       petla_inicjacji1_1   0x0002cf    program     static C:\Users\daniel\Documents\mikrokontrolery\lodowka\program_sterujacy_wersja2.asm
       petla_inicjacji2_1   0x0002d8    program     static C:\Users\daniel\Documents\mikrokontrolery\lodowka\program_sterujacy_wersja2.asm
       petla_inicjacji3_1   0x0002dd    program     static C:\Users\daniel\Documents\mikrokontrolery\lodowka\program_sterujacy_wersja2.asm
  petla_odbioru_rozkazu_1   0x00032b    program     static C:\Users\daniel\Documents\mikrokontrolery\lodowka\program_sterujacy_wersja2.asm
 petla_odbioru_z_ds1820_1   0x000337    program     static C:\Users\daniel\Documents\mikrokontrolery\lodowka\program_sterujacy_wersja2.asm
         petla_send_one_1   0x0002b5    program     static C:\Users\daniel\Documents\mikrokontrolery\lodowka\program_sterujacy_wersja2.asm
        petla_send_zero_1   0x0002bd    program     static C:\Users\daniel\Documents\mikrokontrolery\lodowka\program_sterujacy_wersja2.asm
   petla_sending_pomiar_1   0x00030d    program     static C:\Users\daniel\Documents\mikrokontrolery\lodowka\program_sterujacy_wersja2.asm
petla_stan_odebranego_bitu_1   0x00033c    program     static C:\Users\daniel\Documents\mikrokontrolery\lodowka\program_sterujacy_wersja2.asm
petla_wysylania_rozkazu_1   0x0002f2    program     static C:\Users\daniel\Documents\mikrokontrolery\lodowka\program_sterujacy_wersja2.asm
procedura_po_wci_pusz_dol   0x0003a4    program     static C:\Users\daniel\Documents\mikrokontrolery\lodowka\program_sterujacy_wersja2.asm
procedura_po_wci_pusz_dol_nic   0x0003b3    program     static C:\Users\daniel\Documents\mikrokontrolery\lodowka\program_sterujacy_wersja2.asm
procedura_po_wci_pusz_dol_wcisn   0x0003a6    program     static C:\Users\daniel\Documents\mikrokontrolery\lodowka\program_sterujacy_wersja2.asm
procedura_po_wci_pusz_enter   0x00042c    program     static C:\Users\daniel\Documents\mikrokontrolery\lodowka\program_sterujacy_wersja2.asm
procedura_po_wci_pusz_gora   0x0003ec    program     static C:\Users\daniel\Documents\mikrokontrolery\lodowka\program_sterujacy_wersja2.asm
procedura_po_wci_pusz_gora_nic   0x0003fa    program     static C:\Users\daniel\Documents\mikrokontrolery\lodowka\program_sterujacy_wersja2.asm
               przerwanie   0x000004    program     static C:\Users\daniel\Documents\mikrokontrolery\lodowka\program_sterujacy_wersja2.asm
             przerwanie_0   0x000015    program     static C:\Users\daniel\Documents\mikrokontrolery\lodowka\program_sterujacy_wersja2.asm
             przerwanie_1   0x000015    program     static C:\Users\daniel\Documents\mikrokontrolery\lodowka\program_sterujacy_wersja2.asm
             przerwanie_2   0x00001d    program     static C:\Users\daniel\Documents\mikrokontrolery\lodowka\program_sterujacy_wersja2.asm
             przerwanie_3   0x000023    program     static C:\Users\daniel\Documents\mikrokontrolery\lodowka\program_sterujacy_wersja2.asm
             przerwanie_4   0x000023    program     static C:\Users\daniel\Documents\mikrokontrolery\lodowka\program_sterujacy_wersja2.asm
             przerwanie_5   0x000023    program     static C:\Users\daniel\Documents\mikrokontrolery\lodowka\program_sterujacy_wersja2.asm
                regulacja   0x000469    program     static C:\Users\daniel\Documents\mikrokontrolery\lodowka\program_sterujacy_wersja2.asm
  regulacja_po_histerezie   0x00047b    program     static C:\Users\daniel\Documents\mikrokontrolery\lodowka\program_sterujacy_wersja2.asm
regulacja_po_histerezie_dodatnia   0x00049b    program     static C:\Users\daniel\Documents\mikrokontrolery\lodowka\program_sterujacy_wersja2.asm
                rozkac_id   0x00093c    program     static C:\Users\daniel\Documents\mikrokontrolery\lodowka\program_sterujacy_wersja2.asm
           rozkaz_odbioru   0x000937    program     static C:\Users\daniel\Documents\mikrokontrolery\lodowka\program_sterujacy_wersja2.asm
           rozkaz_pomiaru   0x000932    program     static C:\Users\daniel\Documents\mikrokontrolery\lodowka\program_sterujacy_wersja2.asm
  sa_rowne_sprawdz_ulamek   0x000484    program     static C:\Users\daniel\Documents\mikrokontrolery\lodowka\program_sterujacy_wersja2.asm
sa_rowne_sprawdz_ulamek_bez_odw   0x000488    program     static C:\Users\daniel\Documents\mikrokontrolery\lodowka\program_sterujacy_wersja2.asm
sa_rowne_sprawdz_ulamek_bez_odw2   0x0004a5    program     static C:\Users\daniel\Documents\mikrokontrolery\lodowka\program_sterujacy_wersja2.asm
sa_rowne_sprawdz_ulamek_dodatnie   0x0004a4    program     static C:\Users\daniel\Documents\mikrokontrolery\lodowka\program_sterujacy_wersja2.asm
                     send   0x00014d    program     static libs/lcd4bit.asm         
                 send4bit   0x00014d    program     static libs/lcd4bit.asm         
               send_one_1   0x0002b0    program     static C:\Users\daniel\Documents\mikrokontrolery\lodowka\program_sterujacy_wersja2.asm
              send_zero_1   0x0002b8    program     static C:\Users\daniel\Documents\mikrokontrolery\lodowka\program_sterujacy_wersja2.asm
                 ulamek22   0x000266    program     static libs/mnozenie.asm        
                     wait   0x000140    program     static libs/lcd4bit.asm         
                    wait1   0x000143    program     static libs/lcd4bit.asm         
                    wait2   0x000146    program     static libs/lcd4bit.asm         
                    wait3   0x000149    program     static libs/lcd4bit.asm         
    wcisnieto_klawisz_dol   0x000457    program     static C:\Users\daniel\Documents\mikrokontrolery\lodowka\program_sterujacy_wersja2.asm
  wcisnieto_klawisz_enter   0x000463    program     static C:\Users\daniel\Documents\mikrokontrolery\lodowka\program_sterujacy_wersja2.asm
   wcisnieto_klawisz_gora   0x00045d    program     static C:\Users\daniel\Documents\mikrokontrolery\lodowka\program_sterujacy_wersja2.asm
  wlacz_kompresor_lodowki   0x00048c    program     static C:\Users\daniel\Documents\mikrokontrolery\lodowka\program_sterujacy_wersja2.asm
    wlacz_przerwanie_tmr0   0x00044c    program     static C:\Users\daniel\Documents\mikrokontrolery\lodowka\program_sterujacy_wersja2.asm
                write_lcd   0x000163    program     static libs/lcd4bit.asm         
      wybrano_menu_glowne   0x00043a    program     static C:\Users\daniel\Documents\mikrokontrolery\lodowka\program_sterujacy_wersja2.asm
     wybrano_zmiane_opcji   0x000432    program     static C:\Users\daniel\Documents\mikrokontrolery\lodowka\program_sterujacy_wersja2.asm
       wyjscie_przerwanie   0x000023    program     static C:\Users\daniel\Documents\mikrokontrolery\lodowka\program_sterujacy_wersja2.asm
               wykryto_t0   0x00002c    program     static C:\Users\daniel\Documents\mikrokontrolery\lodowka\program_sterujacy_wersja2.asm
               wykryto_t1   0x000037    program     static C:\Users\daniel\Documents\mikrokontrolery\lodowka\program_sterujacy_wersja2.asm
             wykryto_t1_1   0x000041    program     static C:\Users\daniel\Documents\mikrokontrolery\lodowka\program_sterujacy_wersja2.asm
 wykryto_t1_nakaz_odczytu   0x000040    program     static C:\Users\daniel\Documents\mikrokontrolery\lodowka\program_sterujacy_wersja2.asm
               wykryto_t2   0x000042    program     static C:\Users\daniel\Documents\mikrokontrolery\lodowka\program_sterujacy_wersja2.asm
 wyswietl_liczbe_1bajtowa   0x000274    program     static libs/wyswietlanie_liczb.asm
      zamien_dane_na_temp   0x000377    program     static C:\Users\daniel\Documents\mikrokontrolery\lodowka\program_sterujacy_wersja2.asm
zamien_dane_na_temp_dodatnie   0x000383    program     static C:\Users\daniel\Documents\mikrokontrolery\lodowka\program_sterujacy_wersja2.asm
            zamien_na_hex   0x0000a4    program     static C:\Users\daniel\Documents\mikrokontrolery\lodowka\program_sterujacy_wersja2.asm
                 zapal_t1   0x000041    program     static C:\Users\daniel\Documents\mikrokontrolery\lodowka\program_sterujacy_wersja2.asm
zarejestrowano_klawisz_dol   0x0003a0    program     static C:\Users\daniel\Documents\mikrokontrolery\lodowka\program_sterujacy_wersja2.asm
zarejestrowano_klawisz_enter   0x000428    program     static C:\Users\daniel\Documents\mikrokontrolery\lodowka\program_sterujacy_wersja2.asm
zarejestrowano_klawisz_gora   0x0003e8    program     static C:\Users\daniel\Documents\mikrokontrolery\lodowka\program_sterujacy_wersja2.asm
zmniejsz_temp_o_histereze   0x000497    program     static C:\Users\daniel\Documents\mikrokontrolery\lodowka\program_sterujacy_wersja2.asm
 zwieksz_temp_o_histereze   0x000477    program     static C:\Users\daniel\Documents\mikrokontrolery\lodowka\program_sterujacy_wersja2.asm



                              Symbols - Sorted by Address
                     Name    Address   Location    Storage File                     
                ---------  ---------  ---------  --------- ---------                
                    BEGIN   0x000000    program     static C:\Users\daniel\Documents\mikrokontrolery\lodowka\program_sterujacy_wersja2.asm
               przerwanie   0x000004    program     static C:\Users\daniel\Documents\mikrokontrolery\lodowka\program_sterujacy_wersja2.asm
             przerwanie_1   0x000015    program     static C:\Users\daniel\Documents\mikrokontrolery\lodowka\program_sterujacy_wersja2.asm
             przerwanie_0   0x000015    program     static C:\Users\daniel\Documents\mikrokontrolery\lodowka\program_sterujacy_wersja2.asm
             przerwanie_2   0x00001d    program     static C:\Users\daniel\Documents\mikrokontrolery\lodowka\program_sterujacy_wersja2.asm
       wyjscie_przerwanie   0x000023    program     static C:\Users\daniel\Documents\mikrokontrolery\lodowka\program_sterujacy_wersja2.asm
             przerwanie_3   0x000023    program     static C:\Users\daniel\Documents\mikrokontrolery\lodowka\program_sterujacy_wersja2.asm
             przerwanie_4   0x000023    program     static C:\Users\daniel\Documents\mikrokontrolery\lodowka\program_sterujacy_wersja2.asm
             przerwanie_5   0x000023    program     static C:\Users\daniel\Documents\mikrokontrolery\lodowka\program_sterujacy_wersja2.asm
               wykryto_t0   0x00002c    program     static C:\Users\daniel\Documents\mikrokontrolery\lodowka\program_sterujacy_wersja2.asm
               wykryto_t1   0x000037    program     static C:\Users\daniel\Documents\mikrokontrolery\lodowka\program_sterujacy_wersja2.asm
 wykryto_t1_nakaz_odczytu   0x000040    program     static C:\Users\daniel\Documents\mikrokontrolery\lodowka\program_sterujacy_wersja2.asm
             wykryto_t1_1   0x000041    program     static C:\Users\daniel\Documents\mikrokontrolery\lodowka\program_sterujacy_wersja2.asm
                 zapal_t1   0x000041    program     static C:\Users\daniel\Documents\mikrokontrolery\lodowka\program_sterujacy_wersja2.asm
               wykryto_t2   0x000042    program     static C:\Users\daniel\Documents\mikrokontrolery\lodowka\program_sterujacy_wersja2.asm
     Znajdz_wartosc_opcji   0x000044    program     static C:\Users\daniel\Documents\mikrokontrolery\lodowka\program_sterujacy_wersja2.asm
Znajdz_wartosc_opcji_temper   0x000059    program     static C:\Users\daniel\Documents\mikrokontrolery\lodowka\program_sterujacy_wersja2.asm
Znajdz_wartosc_opcji_temper_1   0x000062    program     static C:\Users\daniel\Documents\mikrokontrolery\lodowka\program_sterujacy_wersja2.asm
Znajdz_wartosc_opcji_temper_2   0x00006d    program     static C:\Users\daniel\Documents\mikrokontrolery\lodowka\program_sterujacy_wersja2.asm
Znajdz_wartosc_opcji_nastawy   0x000082    program     static C:\Users\daniel\Documents\mikrokontrolery\lodowka\program_sterujacy_wersja2.asm
Znajdz_wartosc_opcji_nastawy1   0x000089    program     static C:\Users\daniel\Documents\mikrokontrolery\lodowka\program_sterujacy_wersja2.asm
            zamien_na_hex   0x0000a4    program     static C:\Users\daniel\Documents\mikrokontrolery\lodowka\program_sterujacy_wersja2.asm
                cyfry_0_9   0x0000ac    program     static C:\Users\daniel\Documents\mikrokontrolery\lodowka\program_sterujacy_wersja2.asm
 Znajdz_wartosc_opcji_hex   0x0000af    program     static C:\Users\daniel\Documents\mikrokontrolery\lodowka\program_sterujacy_wersja2.asm
  Znajdz_litere_dla_linii   0x0000c9    program     static C:\Users\daniel\Documents\mikrokontrolery\lodowka\program_sterujacy_wersja2.asm
        Wyswietlanie_Menu   0x0000dc    program     static C:\Users\daniel\Documents\mikrokontrolery\lodowka\program_sterujacy_wersja2.asm
Wyswietlanie_Menu_linia_1   0x0000e6    program     static C:\Users\daniel\Documents\mikrokontrolery\lodowka\program_sterujacy_wersja2.asm
Wyswietlanie_Menu_linia_1_Value   0x0000f7    program     static C:\Users\daniel\Documents\mikrokontrolery\lodowka\program_sterujacy_wersja2.asm
Wyswiet_Menu_linia_1_Val_kol_cyl   0x0000fd    program     static C:\Users\daniel\Documents\mikrokontrolery\lodowka\program_sterujacy_wersja2.asm
Wyswietl_Menu_linia_2_poczatek   0x000102    program     static C:\Users\daniel\Documents\mikrokontrolery\lodowka\program_sterujacy_wersja2.asm
Wyswietlanie_Menu_linia_2   0x000107    program     static C:\Users\daniel\Documents\mikrokontrolery\lodowka\program_sterujacy_wersja2.asm
Wyswietlanie_Menu_linia_2_Value   0x000118    program     static C:\Users\daniel\Documents\mikrokontrolery\lodowka\program_sterujacy_wersja2.asm
Wyswiet_Menu_linia_2_Val_kol_cyl   0x00011e    program     static C:\Users\daniel\Documents\mikrokontrolery\lodowka\program_sterujacy_wersja2.asm
Wyswietlanie_Menu_gwiazdka   0x000123    program     static C:\Users\daniel\Documents\mikrokontrolery\lodowka\program_sterujacy_wersja2.asm
Wyswie_Menu_gwiazd_normal_opcje   0x00013a    program     static C:\Users\daniel\Documents\mikrokontrolery\lodowka\program_sterujacy_wersja2.asm
                     wait   0x000140    program     static libs/lcd4bit.asm         
                    wait1   0x000143    program     static libs/lcd4bit.asm         
                    wait2   0x000146    program     static libs/lcd4bit.asm         
                    wait3   0x000149    program     static libs/lcd4bit.asm         
                     send   0x00014d    program     static libs/lcd4bit.asm         
                 send4bit   0x00014d    program     static libs/lcd4bit.asm         
                write_lcd   0x000163    program     static libs/lcd4bit.asm         
                  cmd_off   0x000167    program     static libs/lcd4bit.asm         
           clear_line_old   0x000169    program     static libs/lcd4bit.asm         
          clear_line_old2   0x000172    program     static libs/lcd4bit.asm         
               clear_line   0x00017b    program     static libs/lcd4bit.asm         
         clear_line_petla   0x00017d    program     static libs/lcd4bit.asm         
           check_busy4bit   0x000185    program     static libs/lcd4bit.asm         
                    check   0x000190    program     static libs/lcd4bit.asm         
                 lcd_init   0x0001a5    program     static libs/lcd4bit.asm         
         lcd_init_3_petla   0x0001ad    program     static libs/lcd4bit.asm         
                dzielenie   0x0001d3    program     static libs/dzielenie.asm       
          petla_dzielenia   0x0001dd    program     static libs/dzielenie.asm       
brak_zera_przejdz_do_dzielenia   0x0001dd    program     static libs/dzielenie.asm       
         petla_dzielenia2   0x0001e9    program     static libs/dzielenie.asm       
            dzielenie_end   0x0001ed    program     static libs/dzielenie.asm       
         dzielenie_ulamek   0x0001f5    program     static libs/dzielenie.asm       
  dzielenie_ulamek_2bajty   0x0001f8    program     static libs/dzielenie.asm       
dzielenie_ulamek_petla_2bajty   0x0001ff    program     static libs/dzielenie.asm       
dzielenie_ulamek_end_2bajty   0x000206    program     static libs/dzielenie.asm       
mnoze_przez_wynik01_2bajty   0x00020c    program     static libs/dzielenie.asm       
mnoze_przez_wynik01_2bajty_LOOP   0x000211    program     static libs/dzielenie.asm       
   dzielenie_ulamek_1bajt   0x000217    program     static libs/dzielenie.asm       
                  hex2dec   0x000223    program     static libs/hextodec.asm        
               dziesiatki   0x00022a    program     static libs/hextodec.asm        
                 jednosci   0x000231    program     static libs/hextodec.asm        
 hex2dec_ulamek_tysieczny   0x000234    program     static libs/hextodec.asm        
                 mnozenie   0x000250    program     static libs/mnozenie.asm        
               mnozenie_l   0x000255    program     static libs/mnozenie.asm        
              mnozenie_l2   0x000259    program     static libs/mnozenie.asm        
                 ulamek22   0x000266    program     static libs/mnozenie.asm        
               mnozenie_h   0x00026e    program     static libs/mnozenie.asm        
 wyswietl_liczbe_1bajtowa   0x000274    program     static libs/wyswietlanie_liczb.asm
  Znajdz_wartosc_100_zero   0x000279    program     static libs/wyswietlanie_liczb.asm
 Znajdz_wartosc_opcji_100   0x00027c    program     static libs/wyswietlanie_liczb.asm
  Znajdz_wartosc_100_pisz   0x00027e    program     static libs/wyswietlanie_liczb.asm
        Znajdz_wartosc_10   0x000280    program     static libs/wyswietlanie_liczb.asm
   Znajdz_wartosc_10_zero   0x000283    program     static libs/wyswietlanie_liczb.asm
  Znajdz_wartosc_opcji_10   0x000287    program     static libs/wyswietlanie_liczb.asm
   Znajdz_wartosc_10_pisz   0x000289    program     static libs/wyswietlanie_liczb.asm
                    Start   0x00028f    program     static C:\Users\daniel\Documents\mikrokontrolery\lodowka\program_sterujacy_wersja2.asm
                 PIN_HI_1   0x0002a3    program     static C:\Users\daniel\Documents\mikrokontrolery\lodowka\program_sterujacy_wersja2.asm
                 PIN_LO_1   0x0002a9    program     static C:\Users\daniel\Documents\mikrokontrolery\lodowka\program_sterujacy_wersja2.asm
               send_one_1   0x0002b0    program     static C:\Users\daniel\Documents\mikrokontrolery\lodowka\program_sterujacy_wersja2.asm
         petla_send_one_1   0x0002b5    program     static C:\Users\daniel\Documents\mikrokontrolery\lodowka\program_sterujacy_wersja2.asm
              send_zero_1   0x0002b8    program     static C:\Users\daniel\Documents\mikrokontrolery\lodowka\program_sterujacy_wersja2.asm
        petla_send_zero_1   0x0002bd    program     static C:\Users\daniel\Documents\mikrokontrolery\lodowka\program_sterujacy_wersja2.asm
       inicjacja_ds1820_1   0x0002c1    program     static C:\Users\daniel\Documents\mikrokontrolery\lodowka\program_sterujacy_wersja2.asm
       petla_inicjacji1_1   0x0002cf    program     static C:\Users\daniel\Documents\mikrokontrolery\lodowka\program_sterujacy_wersja2.asm
       petla_inicjacji2_1   0x0002d8    program     static C:\Users\daniel\Documents\mikrokontrolery\lodowka\program_sterujacy_wersja2.asm
       petla_inicjacji3_1   0x0002dd    program     static C:\Users\daniel\Documents\mikrokontrolery\lodowka\program_sterujacy_wersja2.asm
           inicjacja_ok_1   0x0002e1    program     static C:\Users\daniel\Documents\mikrokontrolery\lodowka\program_sterujacy_wersja2.asm
        blad_inicjacji_ds   0x0002e4    program     static C:\Users\daniel\Documents\mikrokontrolery\lodowka\program_sterujacy_wersja2.asm
      Pomiary_temperatury   0x0002e7    program     static C:\Users\daniel\Documents\mikrokontrolery\lodowka\program_sterujacy_wersja2.asm
petla_wysylania_rozkazu_1   0x0002f2    program     static C:\Users\daniel\Documents\mikrokontrolery\lodowka\program_sterujacy_wersja2.asm
   petla_sending_pomiar_1   0x00030d    program     static C:\Users\daniel\Documents\mikrokontrolery\lodowka\program_sterujacy_wersja2.asm
     odbierz_pomiary_temp   0x000317    program     static C:\Users\daniel\Documents\mikrokontrolery\lodowka\program_sterujacy_wersja2.asm
  petla_odbioru_rozkazu_1   0x00032b    program     static C:\Users\daniel\Documents\mikrokontrolery\lodowka\program_sterujacy_wersja2.asm
 petla_odbioru_z_ds1820_1   0x000337    program     static C:\Users\daniel\Documents\mikrokontrolery\lodowka\program_sterujacy_wersja2.asm
petla_stan_odebranego_bitu_1   0x00033c    program     static C:\Users\daniel\Documents\mikrokontrolery\lodowka\program_sterujacy_wersja2.asm
czekam_na_kolejny_bit_DS_1   0x000355    program     static C:\Users\daniel\Documents\mikrokontrolery\lodowka\program_sterujacy_wersja2.asm
             check_CRC_DS   0x00035e    program     static C:\Users\daniel\Documents\mikrokontrolery\lodowka\program_sterujacy_wersja2.asm
        check_CRC_DS_loop   0x00035f    program     static C:\Users\daniel\Documents\mikrokontrolery\lodowka\program_sterujacy_wersja2.asm
      zamien_dane_na_temp   0x000377    program     static C:\Users\daniel\Documents\mikrokontrolery\lodowka\program_sterujacy_wersja2.asm
zamien_dane_na_temp_dodatnie   0x000383    program     static C:\Users\daniel\Documents\mikrokontrolery\lodowka\program_sterujacy_wersja2.asm
odbierz_pomiary_temp_show_data   0x000397    program     static C:\Users\daniel\Documents\mikrokontrolery\lodowka\program_sterujacy_wersja2.asm
zarejestrowano_klawisz_dol   0x0003a0    program     static C:\Users\daniel\Documents\mikrokontrolery\lodowka\program_sterujacy_wersja2.asm
procedura_po_wci_pusz_dol   0x0003a4    program     static C:\Users\daniel\Documents\mikrokontrolery\lodowka\program_sterujacy_wersja2.asm
procedura_po_wci_pusz_dol_wcisn   0x0003a6    program     static C:\Users\daniel\Documents\mikrokontrolery\lodowka\program_sterujacy_wersja2.asm
  klawisz_dol_zmiana_menu   0x0003aa    program     static C:\Users\daniel\Documents\mikrokontrolery\lodowka\program_sterujacy_wersja2.asm
procedura_po_wci_pusz_dol_nic   0x0003b3    program     static C:\Users\daniel\Documents\mikrokontrolery\lodowka\program_sterujacy_wersja2.asm
klawisz_dol_zmiana_wartosci   0x0003bb    program     static C:\Users\daniel\Documents\mikrokontrolery\lodowka\program_sterujacy_wersja2.asm
klawisz_dol_zmiana_nastawa   0x0003c9    program     static C:\Users\daniel\Documents\mikrokontrolery\lodowka\program_sterujacy_wersja2.asm
klawisz_dol_zmiana_nastawa1   0x0003d1    program     static C:\Users\daniel\Documents\mikrokontrolery\lodowka\program_sterujacy_wersja2.asm
klawisz_dol_zmiana_nastawa_end   0x0003d5    program     static C:\Users\daniel\Documents\mikrokontrolery\lodowka\program_sterujacy_wersja2.asm
klawisz_dol_zmiana_uruchom   0x0003d6    program     static C:\Users\daniel\Documents\mikrokontrolery\lodowka\program_sterujacy_wersja2.asm
 klawisz_dol_uruchom_wart   0x0003e1    program     static C:\Users\daniel\Documents\mikrokontrolery\lodowka\program_sterujacy_wersja2.asm
klawisz_dol_zmiana_wartosci_end   0x0003e6    program     static C:\Users\daniel\Documents\mikrokontrolery\lodowka\program_sterujacy_wersja2.asm
zarejestrowano_klawisz_gora   0x0003e8    program     static C:\Users\daniel\Documents\mikrokontrolery\lodowka\program_sterujacy_wersja2.asm
procedura_po_wci_pusz_gora   0x0003ec    program     static C:\Users\daniel\Documents\mikrokontrolery\lodowka\program_sterujacy_wersja2.asm
 klawisz_gora_zmiana_menu   0x0003f2    program     static C:\Users\daniel\Documents\mikrokontrolery\lodowka\program_sterujacy_wersja2.asm
procedura_po_wci_pusz_gora_nic   0x0003fa    program     static C:\Users\daniel\Documents\mikrokontrolery\lodowka\program_sterujacy_wersja2.asm
klawisz_gora_zmiana_wartosci   0x0003fb    program     static C:\Users\daniel\Documents\mikrokontrolery\lodowka\program_sterujacy_wersja2.asm
klawisz_up_zmiana_nastawa   0x000409    program     static C:\Users\daniel\Documents\mikrokontrolery\lodowka\program_sterujacy_wersja2.asm
   klawisz_up_1_pr_zmiana   0x000411    program     static C:\Users\daniel\Documents\mikrokontrolery\lodowka\program_sterujacy_wersja2.asm
klawisz_up_1_pr_zmiana_end   0x000415    program     static C:\Users\daniel\Documents\mikrokontrolery\lodowka\program_sterujacy_wersja2.asm
klawisz_up_zmiana_uruchom   0x000416    program     static C:\Users\daniel\Documents\mikrokontrolery\lodowka\program_sterujacy_wersja2.asm
  klawisz_up_uruchom_wart   0x000421    program     static C:\Users\daniel\Documents\mikrokontrolery\lodowka\program_sterujacy_wersja2.asm
klawisz_up_zmiana_wartosci_end   0x000426    program     static C:\Users\daniel\Documents\mikrokontrolery\lodowka\program_sterujacy_wersja2.asm
zarejestrowano_klawisz_enter   0x000428    program     static C:\Users\daniel\Documents\mikrokontrolery\lodowka\program_sterujacy_wersja2.asm
procedura_po_wci_pusz_enter   0x00042c    program     static C:\Users\daniel\Documents\mikrokontrolery\lodowka\program_sterujacy_wersja2.asm
     wybrano_zmiane_opcji   0x000432    program     static C:\Users\daniel\Documents\mikrokontrolery\lodowka\program_sterujacy_wersja2.asm
      wybrano_menu_glowne   0x00043a    program     static C:\Users\daniel\Documents\mikrokontrolery\lodowka\program_sterujacy_wersja2.asm
    wlacz_przerwanie_tmr0   0x00044c    program     static C:\Users\daniel\Documents\mikrokontrolery\lodowka\program_sterujacy_wersja2.asm
    wcisnieto_klawisz_dol   0x000457    program     static C:\Users\daniel\Documents\mikrokontrolery\lodowka\program_sterujacy_wersja2.asm
   wcisnieto_klawisz_gora   0x00045d    program     static C:\Users\daniel\Documents\mikrokontrolery\lodowka\program_sterujacy_wersja2.asm
  wcisnieto_klawisz_enter   0x000463    program     static C:\Users\daniel\Documents\mikrokontrolery\lodowka\program_sterujacy_wersja2.asm
                regulacja   0x000469    program     static C:\Users\daniel\Documents\mikrokontrolery\lodowka\program_sterujacy_wersja2.asm
 zwieksz_temp_o_histereze   0x000477    program     static C:\Users\daniel\Documents\mikrokontrolery\lodowka\program_sterujacy_wersja2.asm
  regulacja_po_histerezie   0x00047b    program     static C:\Users\daniel\Documents\mikrokontrolery\lodowka\program_sterujacy_wersja2.asm
  sa_rowne_sprawdz_ulamek   0x000484    program     static C:\Users\daniel\Documents\mikrokontrolery\lodowka\program_sterujacy_wersja2.asm
sa_rowne_sprawdz_ulamek_bez_odw   0x000488    program     static C:\Users\daniel\Documents\mikrokontrolery\lodowka\program_sterujacy_wersja2.asm
  wlacz_kompresor_lodowki   0x00048c    program     static C:\Users\daniel\Documents\mikrokontrolery\lodowka\program_sterujacy_wersja2.asm
    off_kompresor_lodowki   0x00048e    program     static C:\Users\daniel\Documents\mikrokontrolery\lodowka\program_sterujacy_wersja2.asm
nastawa_jest_wieksza_od_0_inna_r   0x000490    program     static C:\Users\daniel\Documents\mikrokontrolery\lodowka\program_sterujacy_wersja2.asm
zmniejsz_temp_o_histereze   0x000497    program     static C:\Users\daniel\Documents\mikrokontrolery\lodowka\program_sterujacy_wersja2.asm
regulacja_po_histerezie_dodatnia   0x00049b    program     static C:\Users\daniel\Documents\mikrokontrolery\lodowka\program_sterujacy_wersja2.asm
sa_rowne_sprawdz_ulamek_dodatnie   0x0004a4    program     static C:\Users\daniel\Documents\mikrokontrolery\lodowka\program_sterujacy_wersja2.asm
sa_rowne_sprawdz_ulamek_bez_odw2   0x0004a5    program     static C:\Users\daniel\Documents\mikrokontrolery\lodowka\program_sterujacy_wersja2.asm
                     LOOP   0x0004a9    program     static C:\Users\daniel\Documents\mikrokontrolery\lodowka\program_sterujacy_wersja2.asm
            LOOP_klawisze   0x0004b1    program     static C:\Users\daniel\Documents\mikrokontrolery\lodowka\program_sterujacy_wersja2.asm
LOOP_sprawdz_ktory_wcisnieto   0x0004b4    program     static C:\Users\daniel\Documents\mikrokontrolery\lodowka\program_sterujacy_wersja2.asm
LOOP_sprawdz_wcisniecie_klawisz   0x0004ba    program     static C:\Users\daniel\Documents\mikrokontrolery\lodowka\program_sterujacy_wersja2.asm
                    LOOP2   0x0004c2    program     static C:\Users\daniel\Documents\mikrokontrolery\lodowka\program_sterujacy_wersja2.asm
                inicjacja   0x000800    program     static C:\Users\daniel\Documents\mikrokontrolery\lodowka\program_sterujacy_wersja2.asm
           BEGIN2lcd_init   0x000812    program     static C:\Users\daniel\Documents\mikrokontrolery\lodowka\program_sterujacy_wersja2.asm
                     next   0x000839    program     static C:\Users\daniel\Documents\mikrokontrolery\lodowka\program_sterujacy_wersja2.asm
                    next2   0x000841    program     static C:\Users\daniel\Documents\mikrokontrolery\lodowka\program_sterujacy_wersja2.asm
                   opcja0   0x000900    program     static C:\Users\daniel\Documents\mikrokontrolery\lodowka\program_sterujacy_wersja2.asm
                   opcja1   0x00090c    program     static C:\Users\daniel\Documents\mikrokontrolery\lodowka\program_sterujacy_wersja2.asm
                   opcja2   0x000918    program     static C:\Users\daniel\Documents\mikrokontrolery\lodowka\program_sterujacy_wersja2.asm
                   opcja3   0x000920    program     static C:\Users\daniel\Documents\mikrokontrolery\lodowka\program_sterujacy_wersja2.asm
                   opcja4   0x000928    program     static C:\Users\daniel\Documents\mikrokontrolery\lodowka\program_sterujacy_wersja2.asm
           rozkaz_pomiaru   0x000932    program     static C:\Users\daniel\Documents\mikrokontrolery\lodowka\program_sterujacy_wersja2.asm
           rozkaz_odbioru   0x000937    program     static C:\Users\daniel\Documents\mikrokontrolery\lodowka\program_sterujacy_wersja2.asm
                rozkac_id   0x00093c    program     static C:\Users\daniel\Documents\mikrokontrolery\lodowka\program_sterujacy_wersja2.asm


